  Determining projects to restore...
  All projects are up-to-date for restore.
  Contracts -> D:\CV-Projects\EShop_ModularMonolith\src\Contracts\bin\Debug\net10.0\Contracts.dll
  Kernel -> D:\CV-Projects\EShop_ModularMonolith\src\Kernel\bin\Debug\net10.0\Kernel.dll
  Infrastructure -> D:\CV-Projects\EShop_ModularMonolith\src\Infrastructure\bin\Debug\net10.0\Infrastructure.dll
D:\CV-Projects\EShop_ModularMonolith\src\Inventory\Domain\WarehouseAggregate\InventoryItem.cs(28,13): warning CS8618: Non-nullable property 'Sku' must contain a non-null value when exiting constructor. Consider adding the 'required' modifier or declaring the property as nullable. [D:\CV-Projects\EShop_ModularMonolith\src\Inventory\Inventory.csproj]
D:\CV-Projects\EShop_ModularMonolith\src\Inventory\Domain\WarehouseAggregate\InventoryItem.cs(64,9): error CS0103: The name 'AddEvent' does not exist in the current context [D:\CV-Projects\EShop_ModularMonolith\src\Inventory\Inventory.csproj]
D:\CV-Projects\EShop_ModularMonolith\src\Inventory\Infrastructure\EFCore\Configurations\WarehouseConfiguration.cs(39,37): error CS1061: 'Address' does not contain a definition for 'Province' and no accessible extension method 'Province' accepting a first argument of type 'Address' could be found (are you missing a using directive or an assembly reference?) [D:\CV-Projects\EShop_ModularMonolith\src\Inventory\Inventory.csproj]
D:\CV-Projects\EShop_ModularMonolith\src\Inventory\Infrastructure\EFCore\Configurations\WarehouseConfiguration.cs(31,21): error CS1061: 'Warehouse' does not contain a definition for 'Property' and no accessible extension method 'Property' accepting a first argument of type 'Warehouse' could be found (are you missing a using directive or an assembly reference?) [D:\CV-Projects\EShop_ModularMonolith\src\Inventory\Inventory.csproj]
D:\CV-Projects\EShop_ModularMonolith\src\Inventory\Infrastructure\EFCore\Configurations\WarehouseConfiguration.cs(35,21): error CS1061: 'Warehouse' does not contain a definition for 'Property' and no accessible extension method 'Property' accepting a first argument of type 'Warehouse' could be found (are you missing a using directive or an assembly reference?) [D:\CV-Projects\EShop_ModularMonolith\src\Inventory\Inventory.csproj]
D:\CV-Projects\EShop_ModularMonolith\src\Inventory\Infrastructure\EFCore\Configurations\WarehouseConfiguration.cs(39,21): error CS1061: 'Warehouse' does not contain a definition for 'Property' and no accessible extension method 'Property' accepting a first argument of type 'Warehouse' could be found (are you missing a using directive or an assembly reference?) [D:\CV-Projects\EShop_ModularMonolith\src\Inventory\Inventory.csproj]
D:\CV-Projects\EShop_ModularMonolith\src\Inventory\Infrastructure\EFCore\Configurations\WarehouseConfiguration.cs(43,21): error CS1061: 'Warehouse' does not contain a definition for 'Property' and no accessible extension method 'Property' accepting a first argument of type 'Warehouse' could be found (are you missing a using directive or an assembly reference?) [D:\CV-Projects\EShop_ModularMonolith\src\Inventory\Inventory.csproj]
D:\CV-Projects\EShop_ModularMonolith\src\Inventory\Infrastructure\EFCore\Configurations\WarehouseConfiguration.cs(47,21): error CS1061: 'Warehouse' does not contain a definition for 'Property' and no accessible extension method 'Property' accepting a first argument of type 'Warehouse' could be found (are you missing a using directive or an assembly reference?) [D:\CV-Projects\EShop_ModularMonolith\src\Inventory\Inventory.csproj]
D:\CV-Projects\EShop_ModularMonolith\src\Inventory\Infrastructure\EFCore\InventoryUnitOfWork.cs(12,42): warning CS9107: Parameter 'InventoryDbContext context' is captured into the state of the enclosing type and its value is also passed to the base constructor. The value might be captured by the base class as well. [D:\CV-Projects\EShop_ModularMonolith\src\Inventory\Inventory.csproj]
D:\CV-Projects\EShop_ModularMonolith\src\Inventory\Domain\WarehouseAggregate\InventoryItem.cs(82,9): error CS0103: The name 'AddEvent' does not exist in the current context [D:\CV-Projects\EShop_ModularMonolith\src\Inventory\Inventory.csproj]
D:\CV-Projects\EShop_ModularMonolith\src\Inventory\Domain\WarehouseAggregate\InventoryItem.cs(115,9): error CS0103: The name 'AddEvent' does not exist in the current context [D:\CV-Projects\EShop_ModularMonolith\src\Inventory\Inventory.csproj]
D:\CV-Projects\EShop_ModularMonolith\src\Inventory\Domain\WarehouseAggregate\InventoryItem.cs(136,9): error CS0103: The name 'AddEvent' does not exist in the current context [D:\CV-Projects\EShop_ModularMonolith\src\Inventory\Inventory.csproj]
D:\CV-Projects\EShop_ModularMonolith\src\Inventory\Domain\WarehouseAggregate\InventoryItem.cs(157,9): error CS0103: The name 'AddEvent' does not exist in the current context [D:\CV-Projects\EShop_ModularMonolith\src\Inventory\Inventory.csproj]
D:\CV-Projects\EShop_ModularMonolith\src\Inventory\Domain\WarehouseAggregate\InventoryItem.cs(177,9): error CS0103: The name 'AddEvent' does not exist in the current context [D:\CV-Projects\EShop_ModularMonolith\src\Inventory\Inventory.csproj]
D:\CV-Projects\EShop_ModularMonolith\src\Inventory\Domain\WarehouseAggregate\InventoryItem.cs(193,9): error CS0103: The name 'AddEvent' does not exist in the current context [D:\CV-Projects\EShop_ModularMonolith\src\Inventory\Inventory.csproj]
D:\CV-Projects\EShop_ModularMonolith\src\Inventory\Domain\WarehouseAggregate\InventoryItem.cs(204,13): error CS0103: The name 'AddEvent' does not exist in the current context [D:\CV-Projects\EShop_ModularMonolith\src\Inventory\Inventory.csproj]

Build FAILED.

D:\CV-Projects\EShop_ModularMonolith\src\Inventory\Domain\WarehouseAggregate\InventoryItem.cs(28,13): warning CS8618: Non-nullable property 'Sku' must contain a non-null value when exiting constructor. Consider adding the 'required' modifier or declaring the property as nullable. [D:\CV-Projects\EShop_ModularMonolith\src\Inventory\Inventory.csproj]
D:\CV-Projects\EShop_ModularMonolith\src\Inventory\Infrastructure\EFCore\InventoryUnitOfWork.cs(12,42): warning CS9107: Parameter 'InventoryDbContext context' is captured into the state of the enclosing type and its value is also passed to the base constructor. The value might be captured by the base class as well. [D:\CV-Projects\EShop_ModularMonolith\src\Inventory\Inventory.csproj]
D:\CV-Projects\EShop_ModularMonolith\src\Inventory\Domain\WarehouseAggregate\InventoryItem.cs(64,9): error CS0103: The name 'AddEvent' does not exist in the current context [D:\CV-Projects\EShop_ModularMonolith\src\Inventory\Inventory.csproj]
D:\CV-Projects\EShop_ModularMonolith\src\Inventory\Infrastructure\EFCore\Configurations\WarehouseConfiguration.cs(39,37): error CS1061: 'Address' does not contain a definition for 'Province' and no accessible extension method 'Province' accepting a first argument of type 'Address' could be found (are you missing a using directive or an assembly reference?) [D:\CV-Projects\EShop_ModularMonolith\src\Inventory\Inventory.csproj]
D:\CV-Projects\EShop_ModularMonolith\src\Inventory\Infrastructure\EFCore\Configurations\WarehouseConfiguration.cs(31,21): error CS1061: 'Warehouse' does not contain a definition for 'Property' and no accessible extension method 'Property' accepting a first argument of type 'Warehouse' could be found (are you missing a using directive or an assembly reference?) [D:\CV-Projects\EShop_ModularMonolith\src\Inventory\Inventory.csproj]
D:\CV-Projects\EShop_ModularMonolith\src\Inventory\Infrastructure\EFCore\Configurations\WarehouseConfiguration.cs(35,21): error CS1061: 'Warehouse' does not contain a definition for 'Property' and no accessible extension method 'Property' accepting a first argument of type 'Warehouse' could be found (are you missing a using directive or an assembly reference?) [D:\CV-Projects\EShop_ModularMonolith\src\Inventory\Inventory.csproj]
D:\CV-Projects\EShop_ModularMonolith\src\Inventory\Infrastructure\EFCore\Configurations\WarehouseConfiguration.cs(39,21): error CS1061: 'Warehouse' does not contain a definition for 'Property' and no accessible extension method 'Property' accepting a first argument of type 'Warehouse' could be found (are you missing a using directive or an assembly reference?) [D:\CV-Projects\EShop_ModularMonolith\src\Inventory\Inventory.csproj]
D:\CV-Projects\EShop_ModularMonolith\src\Inventory\Infrastructure\EFCore\Configurations\WarehouseConfiguration.cs(43,21): error CS1061: 'Warehouse' does not contain a definition for 'Property' and no accessible extension method 'Property' accepting a first argument of type 'Warehouse' could be found (are you missing a using directive or an assembly reference?) [D:\CV-Projects\EShop_ModularMonolith\src\Inventory\Inventory.csproj]
D:\CV-Projects\EShop_ModularMonolith\src\Inventory\Infrastructure\EFCore\Configurations\WarehouseConfiguration.cs(47,21): error CS1061: 'Warehouse' does not contain a definition for 'Property' and no accessible extension method 'Property' accepting a first argument of type 'Warehouse' could be found (are you missing a using directive or an assembly reference?) [D:\CV-Projects\EShop_ModularMonolith\src\Inventory\Inventory.csproj]
D:\CV-Projects\EShop_ModularMonolith\src\Inventory\Domain\WarehouseAggregate\InventoryItem.cs(82,9): error CS0103: The name 'AddEvent' does not exist in the current context [D:\CV-Projects\EShop_ModularMonolith\src\Inventory\Inventory.csproj]
D:\CV-Projects\EShop_ModularMonolith\src\Inventory\Domain\WarehouseAggregate\InventoryItem.cs(115,9): error CS0103: The name 'AddEvent' does not exist in the current context [D:\CV-Projects\EShop_ModularMonolith\src\Inventory\Inventory.csproj]
D:\CV-Projects\EShop_ModularMonolith\src\Inventory\Domain\WarehouseAggregate\InventoryItem.cs(136,9): error CS0103: The name 'AddEvent' does not exist in the current context [D:\CV-Projects\EShop_ModularMonolith\src\Inventory\Inventory.csproj]
D:\CV-Projects\EShop_ModularMonolith\src\Inventory\Domain\WarehouseAggregate\InventoryItem.cs(157,9): error CS0103: The name 'AddEvent' does not exist in the current context [D:\CV-Projects\EShop_ModularMonolith\src\Inventory\Inventory.csproj]
D:\CV-Projects\EShop_ModularMonolith\src\Inventory\Domain\WarehouseAggregate\InventoryItem.cs(177,9): error CS0103: The name 'AddEvent' does not exist in the current context [D:\CV-Projects\EShop_ModularMonolith\src\Inventory\Inventory.csproj]
D:\CV-Projects\EShop_ModularMonolith\src\Inventory\Domain\WarehouseAggregate\InventoryItem.cs(193,9): error CS0103: The name 'AddEvent' does not exist in the current context [D:\CV-Projects\EShop_ModularMonolith\src\Inventory\Inventory.csproj]
D:\CV-Projects\EShop_ModularMonolith\src\Inventory\Domain\WarehouseAggregate\InventoryItem.cs(204,13): error CS0103: The name 'AddEvent' does not exist in the current context [D:\CV-Projects\EShop_ModularMonolith\src\Inventory\Inventory.csproj]
    2 Warning(s)
    14 Error(s)

Time Elapsed 00:00:02.91
