  Determining projects to restore...
D:\CV-Projects\EShop_ModularMonolith\src\Identity\Identity.csproj : warning NU1603: Identity depends on Microsoft.AspNetCore.Identity.EntityFrameworkCore (>= 10.0.0-preview.1.25064.7) but Microsoft.AspNetCore.Identity.EntityFrameworkCore 10.0.0-preview.1.25064.7 was not found. Microsoft.AspNetCore.Identity.EntityFrameworkCore 10.0.0-preview.1.25120.3 was resolved instead.
  All projects are up-to-date for restore.
D:\CV-Projects\EShop_ModularMonolith\src\Identity\Identity.csproj : warning NU1603: Identity depends on Microsoft.AspNetCore.Identity.EntityFrameworkCore (>= 10.0.0-preview.1.25064.7) but Microsoft.AspNetCore.Identity.EntityFrameworkCore 10.0.0-preview.1.25064.7 was not found. Microsoft.AspNetCore.Identity.EntityFrameworkCore 10.0.0-preview.1.25120.3 was resolved instead.
  Contracts -> D:\CV-Projects\EShop_ModularMonolith\src\Contracts\bin\Debug\net10.0\Contracts.dll
  Kernel -> D:\CV-Projects\EShop_ModularMonolith\src\Kernel\bin\Debug\net10.0\Kernel.dll
D:\CV-Projects\EShop_ModularMonolith\src\Identity\Domain\Accounts\IAccountRepository.cs(6,18): error CS0311: The type 'Identity.Domain.Account' cannot be used as type parameter 'T' in the generic type or method 'IRepository<T>'. There is no implicit reference conversion from 'Identity.Domain.Account' to 'Kernel.Domain.IAggregate'. [D:\CV-Projects\EShop_ModularMonolith\src\Identity\Identity.csproj]
D:\CV-Projects\EShop_ModularMonolith\src\Identity\Domain\Roles\IPermissionRepository.cs(11,37): warning CS0108: 'IPermissionRepository.GetAllAsync(CancellationToken)' hides inherited member 'IRepository<Permission>.GetAllAsync(CancellationToken)'. Use the new keyword if hiding was intended. [D:\CV-Projects\EShop_ModularMonolith\src\Identity\Identity.csproj]

Build FAILED.

D:\CV-Projects\EShop_ModularMonolith\src\Identity\Identity.csproj : warning NU1603: Identity depends on Microsoft.AspNetCore.Identity.EntityFrameworkCore (>= 10.0.0-preview.1.25064.7) but Microsoft.AspNetCore.Identity.EntityFrameworkCore 10.0.0-preview.1.25064.7 was not found. Microsoft.AspNetCore.Identity.EntityFrameworkCore 10.0.0-preview.1.25120.3 was resolved instead.
D:\CV-Projects\EShop_ModularMonolith\src\Identity\Identity.csproj : warning NU1603: Identity depends on Microsoft.AspNetCore.Identity.EntityFrameworkCore (>= 10.0.0-preview.1.25064.7) but Microsoft.AspNetCore.Identity.EntityFrameworkCore 10.0.0-preview.1.25064.7 was not found. Microsoft.AspNetCore.Identity.EntityFrameworkCore 10.0.0-preview.1.25120.3 was resolved instead.
D:\CV-Projects\EShop_ModularMonolith\src\Identity\Domain\Roles\IPermissionRepository.cs(11,37): warning CS0108: 'IPermissionRepository.GetAllAsync(CancellationToken)' hides inherited member 'IRepository<Permission>.GetAllAsync(CancellationToken)'. Use the new keyword if hiding was intended. [D:\CV-Projects\EShop_ModularMonolith\src\Identity\Identity.csproj]
D:\CV-Projects\EShop_ModularMonolith\src\Identity\Domain\Accounts\IAccountRepository.cs(6,18): error CS0311: The type 'Identity.Domain.Account' cannot be used as type parameter 'T' in the generic type or method 'IRepository<T>'. There is no implicit reference conversion from 'Identity.Domain.Account' to 'Kernel.Domain.IAggregate'. [D:\CV-Projects\EShop_ModularMonolith\src\Identity\Identity.csproj]
    3 Warning(s)
    1 Error(s)

Time Elapsed 00:00:02.18
