  Determining projects to restore...
  All projects are up-to-date for restore.
  Aspire.ServiceDefaults -> D:\CV-Projects\EShop_ModularMonolith\src\Aspire\Aspire.ServiceDefaults\bin\Debug\net10.0\Aspire.ServiceDefaults.dll
  Contracts -> D:\CV-Projects\EShop_ModularMonolith\src\Contracts\bin\Debug\net10.0\Contracts.dll
D:\CV-Projects\EShop_ModularMonolith\src\BlazorAdmin\Pages\Catalog\Products\ProductCreateDraftPage.razor(70,16): error RZ2008: Attribute 'ShowIcon' on tag helper element 'Alert' requires a value. Tag helper bound attributes of type 'System.Boolean?' cannot be empty or contain only whitespace. [D:\CV-Projects\EShop_ModularMonolith\src\BlazorAdmin\BlazorAdmin.csproj]
D:\CV-Projects\EShop_ModularMonolith\src\BlazorAdmin\Pages\Catalog\Products\ProductCreateDraftPage.razor(155,37): error RZ10001: The type of component 'Statistic' cannot be inferred based on the values provided. Consider specifying the type arguments directly using the following attributes: 'TValue'. [D:\CV-Projects\EShop_ModularMonolith\src\BlazorAdmin\BlazorAdmin.csproj]
D:\CV-Projects\EShop_ModularMonolith\src\BlazorAdmin\Pages\Catalog\Products\ProductCreateDraftPage.razor(162,37): error RZ10001: The type of component 'Statistic' cannot be inferred based on the values provided. Consider specifying the type arguments directly using the following attributes: 'TValue'. [D:\CV-Projects\EShop_ModularMonolith\src\BlazorAdmin\BlazorAdmin.csproj]
D:\CV-Projects\EShop_ModularMonolith\src\BlazorAdmin\Pages\Catalog\Products\ProductCreateDraftPage.razor(169,37): error RZ10001: The type of component 'Statistic' cannot be inferred based on the values provided. Consider specifying the type arguments directly using the following attributes: 'TValue'. [D:\CV-Projects\EShop_ModularMonolith\src\BlazorAdmin\BlazorAdmin.csproj]
D:\CV-Projects\EShop_ModularMonolith\src\BlazorAdmin\Pages\Catalog\Products\ProductCreateDraftPage.razor(176,37): error RZ10001: The type of component 'Statistic' cannot be inferred based on the values provided. Consider specifying the type arguments directly using the following attributes: 'TValue'. [D:\CV-Projects\EShop_ModularMonolith\src\BlazorAdmin\BlazorAdmin.csproj]
D:\CV-Projects\EShop_ModularMonolith\src\BlazorAdmin\Pages\Catalog\Products\ProductCreateDraftPage.razor(191,29): error RZ9986: Component attributes do not support complex content (mixed C# and markup). Attribute: 'Extra', text: '( [D:\CV-Projects\EShop_ModularMonolith\src\BlazorAdmin\BlazorAdmin.csproj]
D:\CV-Projects\EShop_ModularMonolith\src\BlazorAdmin\Pages\Catalog\Products\ProductCreateDraftPage.razor(192,28): error RZ9994: Razor templates cannot be used in attributes. [D:\CV-Projects\EShop_ModularMonolith\src\BlazorAdmin\BlazorAdmin.csproj]
D:\CV-Projects\EShop_ModularMonolith\src\BlazorAdmin\Pages\Catalog\Products\ProductCreateDraftPage.razor(203,29): error RZ9985: Multiple components use the tag 'Column'. Components: AntDesign.Column<TData>, AntDesign.Column<TData>, AntDesign.Charts.Column, Microsoft.AspNetCore.Components.Bind [D:\CV-Projects\EShop_ModularMonolith\src\BlazorAdmin\BlazorAdmin.csproj]
D:\CV-Projects\EShop_ModularMonolith\src\BlazorAdmin\Pages\Catalog\Products\ProductCreateDraftPage.razor(218,29): error RZ9986: Component attributes do not support complex content (mixed C# and markup). Attribute: 'Extra', text: '( [D:\CV-Projects\EShop_ModularMonolith\src\BlazorAdmin\BlazorAdmin.csproj]
D:\CV-Projects\EShop_ModularMonolith\src\BlazorAdmin\Pages\Catalog\Products\ProductCreateDraftPage.razor(219,28): error RZ9994: Razor templates cannot be used in attributes. [D:\CV-Projects\EShop_ModularMonolith\src\BlazorAdmin\BlazorAdmin.csproj]
D:\CV-Projects\EShop_ModularMonolith\src\BlazorAdmin\Pages\Catalog\Products\ProductCreateDraftPage.razor(225,108): error RZ2008: Attribute 'ShowIcon' on tag helper element 'Alert' requires a value. Tag helper bound attributes of type 'System.Boolean?' cannot be empty or contain only whitespace. [D:\CV-Projects\EShop_ModularMonolith\src\BlazorAdmin\BlazorAdmin.csproj]
D:\CV-Projects\EShop_ModularMonolith\src\BlazorAdmin\Pages\Catalog\Products\ProductCreateDraftPage.razor(198,50): error CS1003: Syntax error, ',' expected [D:\CV-Projects\EShop_ModularMonolith\src\BlazorAdmin\BlazorAdmin.csproj]
D:\CV-Projects\EShop_ModularMonolith\src\BlazorAdmin\Pages\Catalog\Products\ProductCreateDraftPage.razor(198,53): error CS1003: Syntax error, ',' expected [D:\CV-Projects\EShop_ModularMonolith\src\BlazorAdmin\BlazorAdmin.csproj]
D:\CV-Projects\EShop_ModularMonolith\src\BlazorAdmin\Pages\Catalog\Products\ProductCreateDraftPage.razor(198,59): error CS1003: Syntax error, ',' expected [D:\CV-Projects\EShop_ModularMonolith\src\BlazorAdmin\BlazorAdmin.csproj]
D:\CV-Projects\EShop_ModularMonolith\src\BlazorAdmin\Pages\Catalog\Products\ProductCreateDraftPage.razor(198,64): error CS1003: Syntax error, ',' expected [D:\CV-Projects\EShop_ModularMonolith\src\BlazorAdmin\BlazorAdmin.csproj]
D:\CV-Projects\EShop_ModularMonolith\src\BlazorAdmin\Pages\Catalog\Products\ProductCreateDraftPage.razor(191,31): error CS1525: Invalid expression term ')' [D:\CV-Projects\EShop_ModularMonolith\src\BlazorAdmin\BlazorAdmin.csproj]
D:\CV-Projects\EShop_ModularMonolith\src\BlazorAdmin\Pages\Catalog\Products\ProductCreateDraftPage.razor(218,31): error CS1525: Invalid expression term ')' [D:\CV-Projects\EShop_ModularMonolith\src\BlazorAdmin\BlazorAdmin.csproj]
D:\CV-Projects\EShop_ModularMonolith\src\BlazorAdmin\obj\Debug\net10.0\Microsoft.CodeAnalysis.Razor.Compiler\Microsoft.NET.Sdk.Razor.SourceGenerators.RazorSourceGenerator\Pages_Catalog_Products_ProductDetailsPage_razor.g.cs(5082,74): warning CS0618: 'Checkbox.CheckedExpression' is obsolete: 'Currently not implemented' [D:\CV-Projects\EShop_ModularMonolith\src\BlazorAdmin\BlazorAdmin.csproj]
D:\CV-Projects\EShop_ModularMonolith\src\BlazorAdmin\Pages\Catalog\Products\ProductCreateDraftPage.razor(198,45): error CS0103: The name 'Ch╞░a' does not exist in the current context [D:\CV-Projects\EShop_ModularMonolith\src\BlazorAdmin\BlazorAdmin.csproj]
D:\CV-Projects\EShop_ModularMonolith\src\BlazorAdmin\Pages\Catalog\Products\ProductCreateDraftPage.razor(198,50): error CS0103: The name 'c├│' does not exist in the current context [D:\CV-Projects\EShop_ModularMonolith\src\BlazorAdmin\BlazorAdmin.csproj]
D:\CV-Projects\EShop_ModularMonolith\src\BlazorAdmin\Pages\Catalog\Products\ProductCreateDraftPage.razor(198,53): error CS0103: The name 'thuß╗Öc' does not exist in the current context [D:\CV-Projects\EShop_ModularMonolith\src\BlazorAdmin\BlazorAdmin.csproj]
D:\CV-Projects\EShop_ModularMonolith\src\BlazorAdmin\Pages\Catalog\Products\ProductCreateDraftPage.razor(198,59): error CS0103: The name 't├¡nh' does not exist in the current context [D:\CV-Projects\EShop_ModularMonolith\src\BlazorAdmin\BlazorAdmin.csproj]
D:\CV-Projects\EShop_ModularMonolith\src\BlazorAdmin\Pages\Catalog\Products\ProductCreateDraftPage.razor(198,64): error CS0103: The name 'n├áo' does not exist in the current context [D:\CV-Projects\EShop_ModularMonolith\src\BlazorAdmin\BlazorAdmin.csproj]
D:\CV-Projects\EShop_ModularMonolith\src\BlazorAdmin\Pages\Catalog\Products\ProductCreateDraftPage.razor(203,85): error CS0103: The name 'context' does not exist in the current context [D:\CV-Projects\EShop_ModularMonolith\src\BlazorAdmin\BlazorAdmin.csproj]
D:\CV-Projects\EShop_ModularMonolith\src\BlazorAdmin\obj\Debug\net10.0\Microsoft.CodeAnalysis.Razor.Compiler\Microsoft.NET.Sdk.Razor.SourceGenerators.RazorSourceGenerator\Pages_Catalog_Products_ProductCreateDraftPage_razor.g.cs(2042,191): error CS0103: The name 'context' does not exist in the current context [D:\CV-Projects\EShop_ModularMonolith\src\BlazorAdmin\BlazorAdmin.csproj]
D:\CV-Projects\EShop_ModularMonolith\src\BlazorAdmin\obj\Debug\net10.0\Microsoft.CodeAnalysis.Razor.Compiler\Microsoft.NET.Sdk.Razor.SourceGenerators.RazorSourceGenerator\Pages_Catalog_Products_ProductCreateDraftPage_razor.g.cs(2042,158): error CS0103: The name 'context' does not exist in the current context [D:\CV-Projects\EShop_ModularMonolith\src\BlazorAdmin\BlazorAdmin.csproj]
D:\CV-Projects\EShop_ModularMonolith\src\BlazorAdmin\Pages\Catalog\Products\ProductCreateDraftPage.razor(204,78): error CS0103: The name 'context' does not exist in the current context [D:\CV-Projects\EShop_ModularMonolith\src\BlazorAdmin\BlazorAdmin.csproj]
D:\CV-Projects\EShop_ModularMonolith\src\BlazorAdmin\obj\Debug\net10.0\Microsoft.CodeAnalysis.Razor.Compiler\Microsoft.NET.Sdk.Razor.SourceGenerators.RazorSourceGenerator\Pages_Catalog_Products_ProductCreateDraftPage_razor.g.cs(2054,190): error CS0103: The name 'context' does not exist in the current context [D:\CV-Projects\EShop_ModularMonolith\src\BlazorAdmin\BlazorAdmin.csproj]
D:\CV-Projects\EShop_ModularMonolith\src\BlazorAdmin\obj\Debug\net10.0\Microsoft.CodeAnalysis.Razor.Compiler\Microsoft.NET.Sdk.Razor.SourceGenerators.RazorSourceGenerator\Pages_Catalog_Products_ProductCreateDraftPage_razor.g.cs(2054,158): error CS0103: The name 'context' does not exist in the current context [D:\CV-Projects\EShop_ModularMonolith\src\BlazorAdmin\BlazorAdmin.csproj]
D:\CV-Projects\EShop_ModularMonolith\src\BlazorAdmin\Pages\Catalog\Products\ProductCreateDraftPage.razor(234,78): error CS0103: The name 'context' does not exist in the current context [D:\CV-Projects\EShop_ModularMonolith\src\BlazorAdmin\BlazorAdmin.csproj]
D:\CV-Projects\EShop_ModularMonolith\src\BlazorAdmin\obj\Debug\net10.0\Microsoft.CodeAnalysis.Razor.Compiler\Microsoft.NET.Sdk.Razor.SourceGenerators.RazorSourceGenerator\Pages_Catalog_Products_ProductCreateDraftPage_razor.g.cs(2164,182): error CS0103: The name 'context' does not exist in the current context [D:\CV-Projects\EShop_ModularMonolith\src\BlazorAdmin\BlazorAdmin.csproj]
D:\CV-Projects\EShop_ModularMonolith\src\BlazorAdmin\obj\Debug\net10.0\Microsoft.CodeAnalysis.Razor.Compiler\Microsoft.NET.Sdk.Razor.SourceGenerators.RazorSourceGenerator\Pages_Catalog_Products_ProductCreateDraftPage_razor.g.cs(2164,158): error CS0103: The name 'context' does not exist in the current context [D:\CV-Projects\EShop_ModularMonolith\src\BlazorAdmin\BlazorAdmin.csproj]
D:\CV-Projects\EShop_ModularMonolith\src\BlazorAdmin\Pages\Catalog\Products\ProductCreateDraftPage.razor(235,78): error CS0103: The name 'context' does not exist in the current context [D:\CV-Projects\EShop_ModularMonolith\src\BlazorAdmin\BlazorAdmin.csproj]
D:\CV-Projects\EShop_ModularMonolith\src\BlazorAdmin\obj\Debug\net10.0\Microsoft.CodeAnalysis.Razor.Compiler\Microsoft.NET.Sdk.Razor.SourceGenerators.RazorSourceGenerator\Pages_Catalog_Products_ProductCreateDraftPage_razor.g.cs(2176,181): error CS0103: The name 'context' does not exist in the current context [D:\CV-Projects\EShop_ModularMonolith\src\BlazorAdmin\BlazorAdmin.csproj]
D:\CV-Projects\EShop_ModularMonolith\src\BlazorAdmin\obj\Debug\net10.0\Microsoft.CodeAnalysis.Razor.Compiler\Microsoft.NET.Sdk.Razor.SourceGenerators.RazorSourceGenerator\Pages_Catalog_Products_ProductCreateDraftPage_razor.g.cs(2176,158): error CS0103: The name 'context' does not exist in the current context [D:\CV-Projects\EShop_ModularMonolith\src\BlazorAdmin\BlazorAdmin.csproj]
D:\CV-Projects\EShop_ModularMonolith\src\BlazorAdmin\Pages\Catalog\Products\ProductCreateDraftPage.razor(237,41): error CS0103: The name 'context' does not exist in the current context [D:\CV-Projects\EShop_ModularMonolith\src\BlazorAdmin\BlazorAdmin.csproj]
D:\CV-Projects\EShop_ModularMonolith\src\BlazorAdmin\Pages\Catalog\Products\ProductCreateDraftPage.razor(240,52): error CS0103: The name 'context' does not exist in the current context [D:\CV-Projects\EShop_ModularMonolith\src\BlazorAdmin\BlazorAdmin.csproj]
D:\CV-Projects\EShop_ModularMonolith\src\BlazorAdmin\Pages\Catalog\Products\ProductCreateDraftPage.razor(304,97): error CS1503: Argument 2: cannot convert from 'Microsoft.AspNetCore.Components.Rendering.RenderTreeBuilder' to 'System.Guid' [D:\CV-Projects\EShop_ModularMonolith\src\BlazorAdmin\BlazorAdmin.csproj]
D:\CV-Projects\EShop_ModularMonolith\src\BlazorAdmin\Pages\Catalog\Products\ProductCreateDraftPage.razor(359,65): warning CS8629: Nullable value type may be null. [D:\CV-Projects\EShop_ModularMonolith\src\BlazorAdmin\BlazorAdmin.csproj]
D:\CV-Projects\EShop_ModularMonolith\src\BlazorAdmin\Pages\Catalog\Products\ProductCreateDraftPage.razor(449,13): error CS4008: Cannot await 'void' [D:\CV-Projects\EShop_ModularMonolith\src\BlazorAdmin\BlazorAdmin.csproj]
D:\CV-Projects\EShop_ModularMonolith\src\BlazorAdmin\Pages\Catalog\Products\ProductCreateDraftPage.razor(453,13): error CS4008: Cannot await 'void' [D:\CV-Projects\EShop_ModularMonolith\src\BlazorAdmin\BlazorAdmin.csproj]
D:\CV-Projects\EShop_ModularMonolith\src\BlazorAdmin\Pages\Catalog\Products\ProductCreateDraftPage.razor(474,13): error CS4008: Cannot await 'void' [D:\CV-Projects\EShop_ModularMonolith\src\BlazorAdmin\BlazorAdmin.csproj]
D:\CV-Projects\EShop_ModularMonolith\src\BlazorAdmin\Pages\Catalog\Products\ProductCreateDraftPage.razor(489,13): error CS4008: Cannot await 'void' [D:\CV-Projects\EShop_ModularMonolith\src\BlazorAdmin\BlazorAdmin.csproj]
D:\CV-Projects\EShop_ModularMonolith\src\BlazorAdmin\Pages\Catalog\Products\ProductCreateDraftPage.razor(499,9): error CS4008: Cannot await 'void' [D:\CV-Projects\EShop_ModularMonolith\src\BlazorAdmin\BlazorAdmin.csproj]
D:\CV-Projects\EShop_ModularMonolith\src\BlazorAdmin\Pages\Catalog\Products\ProductCreateDraftPage.razor(527,13): error CS4008: Cannot await 'void' [D:\CV-Projects\EShop_ModularMonolith\src\BlazorAdmin\BlazorAdmin.csproj]
D:\CV-Projects\EShop_ModularMonolith\src\BlazorAdmin\Pages\Catalog\Products\ProductCreateDraftPage.razor(531,13): error CS4008: Cannot await 'void' [D:\CV-Projects\EShop_ModularMonolith\src\BlazorAdmin\BlazorAdmin.csproj]
D:\CV-Projects\EShop_ModularMonolith\src\BlazorAdmin\Pages\Catalog\Products\ProductCreateDraftPage.razor(549,13): error CS4008: Cannot await 'void' [D:\CV-Projects\EShop_ModularMonolith\src\BlazorAdmin\BlazorAdmin.csproj]
D:\CV-Projects\EShop_ModularMonolith\src\BlazorAdmin\Pages\Catalog\Products\ProductCreateDraftPage.razor(553,13): error CS4008: Cannot await 'void' [D:\CV-Projects\EShop_ModularMonolith\src\BlazorAdmin\BlazorAdmin.csproj]
D:\CV-Projects\EShop_ModularMonolith\src\BlazorAdmin\Pages\Catalog\Products\ProductCreateDraftPage.razor(600,13): error CS4008: Cannot await 'void' [D:\CV-Projects\EShop_ModularMonolith\src\BlazorAdmin\BlazorAdmin.csproj]
D:\CV-Projects\EShop_ModularMonolith\src\BlazorAdmin\Pages\Catalog\Products\ProductCreateDraftPage.razor(604,13): error CS4008: Cannot await 'void' [D:\CV-Projects\EShop_ModularMonolith\src\BlazorAdmin\BlazorAdmin.csproj]
D:\CV-Projects\EShop_ModularMonolith\src\BlazorAdmin\Pages\Catalog\Products\ProductCreateDraftPage.razor(620,13): error CS4008: Cannot await 'void' [D:\CV-Projects\EShop_ModularMonolith\src\BlazorAdmin\BlazorAdmin.csproj]
D:\CV-Projects\EShop_ModularMonolith\src\BlazorAdmin\Pages\Catalog\Products\ProductCreateDraftPage.razor(624,13): error CS4008: Cannot await 'void' [D:\CV-Projects\EShop_ModularMonolith\src\BlazorAdmin\BlazorAdmin.csproj]
D:\CV-Projects\EShop_ModularMonolith\src\BlazorAdmin\Pages\Catalog\Products\ProductCreateDraftPage.razor(336,18): warning CS0414: The field 'ProductCreateDraftPage._showAddVariantModal' is assigned but its value is never used [D:\CV-Projects\EShop_ModularMonolith\src\BlazorAdmin\BlazorAdmin.csproj]
D:\CV-Projects\EShop_ModularMonolith\src\BlazorAdmin\Pages\Catalog\Products\ProductCreateDraftPage.razor(337,18): warning CS0414: The field 'ProductCreateDraftPage._addingAttribute' is assigned but its value is never used [D:\CV-Projects\EShop_ModularMonolith\src\BlazorAdmin\BlazorAdmin.csproj]
D:\CV-Projects\EShop_ModularMonolith\src\BlazorAdmin\Pages\Catalog\Products\ProductCreateDraftPage.razor(335,18): warning CS0414: The field 'ProductCreateDraftPage._showAddAttributeModal' is assigned but its value is never used [D:\CV-Projects\EShop_ModularMonolith\src\BlazorAdmin\BlazorAdmin.csproj]
D:\CV-Projects\EShop_ModularMonolith\src\BlazorAdmin\Pages\Catalog\Products\ProductCreateDraftPage.razor(338,18): warning CS0414: The field 'ProductCreateDraftPage._addingVariant' is assigned but its value is never used [D:\CV-Projects\EShop_ModularMonolith\src\BlazorAdmin\BlazorAdmin.csproj]

Build FAILED.

D:\CV-Projects\EShop_ModularMonolith\src\BlazorAdmin\obj\Debug\net10.0\Microsoft.CodeAnalysis.Razor.Compiler\Microsoft.NET.Sdk.Razor.SourceGenerators.RazorSourceGenerator\Pages_Catalog_Products_ProductDetailsPage_razor.g.cs(5082,74): warning CS0618: 'Checkbox.CheckedExpression' is obsolete: 'Currently not implemented' [D:\CV-Projects\EShop_ModularMonolith\src\BlazorAdmin\BlazorAdmin.csproj]
D:\CV-Projects\EShop_ModularMonolith\src\BlazorAdmin\Pages\Catalog\Products\ProductCreateDraftPage.razor(359,65): warning CS8629: Nullable value type may be null. [D:\CV-Projects\EShop_ModularMonolith\src\BlazorAdmin\BlazorAdmin.csproj]
D:\CV-Projects\EShop_ModularMonolith\src\BlazorAdmin\Pages\Catalog\Products\ProductCreateDraftPage.razor(336,18): warning CS0414: The field 'ProductCreateDraftPage._showAddVariantModal' is assigned but its value is never used [D:\CV-Projects\EShop_ModularMonolith\src\BlazorAdmin\BlazorAdmin.csproj]
D:\CV-Projects\EShop_ModularMonolith\src\BlazorAdmin\Pages\Catalog\Products\ProductCreateDraftPage.razor(337,18): warning CS0414: The field 'ProductCreateDraftPage._addingAttribute' is assigned but its value is never used [D:\CV-Projects\EShop_ModularMonolith\src\BlazorAdmin\BlazorAdmin.csproj]
D:\CV-Projects\EShop_ModularMonolith\src\BlazorAdmin\Pages\Catalog\Products\ProductCreateDraftPage.razor(335,18): warning CS0414: The field 'ProductCreateDraftPage._showAddAttributeModal' is assigned but its value is never used [D:\CV-Projects\EShop_ModularMonolith\src\BlazorAdmin\BlazorAdmin.csproj]
D:\CV-Projects\EShop_ModularMonolith\src\BlazorAdmin\Pages\Catalog\Products\ProductCreateDraftPage.razor(338,18): warning CS0414: The field 'ProductCreateDraftPage._addingVariant' is assigned but its value is never used [D:\CV-Projects\EShop_ModularMonolith\src\BlazorAdmin\BlazorAdmin.csproj]
D:\CV-Projects\EShop_ModularMonolith\src\BlazorAdmin\Pages\Catalog\Products\ProductCreateDraftPage.razor(70,16): error RZ2008: Attribute 'ShowIcon' on tag helper element 'Alert' requires a value. Tag helper bound attributes of type 'System.Boolean?' cannot be empty or contain only whitespace. [D:\CV-Projects\EShop_ModularMonolith\src\BlazorAdmin\BlazorAdmin.csproj]
D:\CV-Projects\EShop_ModularMonolith\src\BlazorAdmin\Pages\Catalog\Products\ProductCreateDraftPage.razor(155,37): error RZ10001: The type of component 'Statistic' cannot be inferred based on the values provided. Consider specifying the type arguments directly using the following attributes: 'TValue'. [D:\CV-Projects\EShop_ModularMonolith\src\BlazorAdmin\BlazorAdmin.csproj]
D:\CV-Projects\EShop_ModularMonolith\src\BlazorAdmin\Pages\Catalog\Products\ProductCreateDraftPage.razor(162,37): error RZ10001: The type of component 'Statistic' cannot be inferred based on the values provided. Consider specifying the type arguments directly using the following attributes: 'TValue'. [D:\CV-Projects\EShop_ModularMonolith\src\BlazorAdmin\BlazorAdmin.csproj]
D:\CV-Projects\EShop_ModularMonolith\src\BlazorAdmin\Pages\Catalog\Products\ProductCreateDraftPage.razor(169,37): error RZ10001: The type of component 'Statistic' cannot be inferred based on the values provided. Consider specifying the type arguments directly using the following attributes: 'TValue'. [D:\CV-Projects\EShop_ModularMonolith\src\BlazorAdmin\BlazorAdmin.csproj]
D:\CV-Projects\EShop_ModularMonolith\src\BlazorAdmin\Pages\Catalog\Products\ProductCreateDraftPage.razor(176,37): error RZ10001: The type of component 'Statistic' cannot be inferred based on the values provided. Consider specifying the type arguments directly using the following attributes: 'TValue'. [D:\CV-Projects\EShop_ModularMonolith\src\BlazorAdmin\BlazorAdmin.csproj]
D:\CV-Projects\EShop_ModularMonolith\src\BlazorAdmin\Pages\Catalog\Products\ProductCreateDraftPage.razor(191,29): error RZ9986: Component attributes do not support complex content (mixed C# and markup). Attribute: 'Extra', text: '( [D:\CV-Projects\EShop_ModularMonolith\src\BlazorAdmin\BlazorAdmin.csproj]
D:\CV-Projects\EShop_ModularMonolith\src\BlazorAdmin\Pages\Catalog\Products\ProductCreateDraftPage.razor(192,28): error RZ9994: Razor templates cannot be used in attributes. [D:\CV-Projects\EShop_ModularMonolith\src\BlazorAdmin\BlazorAdmin.csproj]
D:\CV-Projects\EShop_ModularMonolith\src\BlazorAdmin\Pages\Catalog\Products\ProductCreateDraftPage.razor(203,29): error RZ9985: Multiple components use the tag 'Column'. Components: AntDesign.Column<TData>, AntDesign.Column<TData>, AntDesign.Charts.Column, Microsoft.AspNetCore.Components.Bind [D:\CV-Projects\EShop_ModularMonolith\src\BlazorAdmin\BlazorAdmin.csproj]
D:\CV-Projects\EShop_ModularMonolith\src\BlazorAdmin\Pages\Catalog\Products\ProductCreateDraftPage.razor(218,29): error RZ9986: Component attributes do not support complex content (mixed C# and markup). Attribute: 'Extra', text: '( [D:\CV-Projects\EShop_ModularMonolith\src\BlazorAdmin\BlazorAdmin.csproj]
D:\CV-Projects\EShop_ModularMonolith\src\BlazorAdmin\Pages\Catalog\Products\ProductCreateDraftPage.razor(219,28): error RZ9994: Razor templates cannot be used in attributes. [D:\CV-Projects\EShop_ModularMonolith\src\BlazorAdmin\BlazorAdmin.csproj]
D:\CV-Projects\EShop_ModularMonolith\src\BlazorAdmin\Pages\Catalog\Products\ProductCreateDraftPage.razor(225,108): error RZ2008: Attribute 'ShowIcon' on tag helper element 'Alert' requires a value. Tag helper bound attributes of type 'System.Boolean?' cannot be empty or contain only whitespace. [D:\CV-Projects\EShop_ModularMonolith\src\BlazorAdmin\BlazorAdmin.csproj]
D:\CV-Projects\EShop_ModularMonolith\src\BlazorAdmin\Pages\Catalog\Products\ProductCreateDraftPage.razor(198,50): error CS1003: Syntax error, ',' expected [D:\CV-Projects\EShop_ModularMonolith\src\BlazorAdmin\BlazorAdmin.csproj]
D:\CV-Projects\EShop_ModularMonolith\src\BlazorAdmin\Pages\Catalog\Products\ProductCreateDraftPage.razor(198,53): error CS1003: Syntax error, ',' expected [D:\CV-Projects\EShop_ModularMonolith\src\BlazorAdmin\BlazorAdmin.csproj]
D:\CV-Projects\EShop_ModularMonolith\src\BlazorAdmin\Pages\Catalog\Products\ProductCreateDraftPage.razor(198,59): error CS1003: Syntax error, ',' expected [D:\CV-Projects\EShop_ModularMonolith\src\BlazorAdmin\BlazorAdmin.csproj]
D:\CV-Projects\EShop_ModularMonolith\src\BlazorAdmin\Pages\Catalog\Products\ProductCreateDraftPage.razor(198,64): error CS1003: Syntax error, ',' expected [D:\CV-Projects\EShop_ModularMonolith\src\BlazorAdmin\BlazorAdmin.csproj]
D:\CV-Projects\EShop_ModularMonolith\src\BlazorAdmin\Pages\Catalog\Products\ProductCreateDraftPage.razor(191,31): error CS1525: Invalid expression term ')' [D:\CV-Projects\EShop_ModularMonolith\src\BlazorAdmin\BlazorAdmin.csproj]
D:\CV-Projects\EShop_ModularMonolith\src\BlazorAdmin\Pages\Catalog\Products\ProductCreateDraftPage.razor(218,31): error CS1525: Invalid expression term ')' [D:\CV-Projects\EShop_ModularMonolith\src\BlazorAdmin\BlazorAdmin.csproj]
D:\CV-Projects\EShop_ModularMonolith\src\BlazorAdmin\Pages\Catalog\Products\ProductCreateDraftPage.razor(198,45): error CS0103: The name 'Ch╞░a' does not exist in the current context [D:\CV-Projects\EShop_ModularMonolith\src\BlazorAdmin\BlazorAdmin.csproj]
D:\CV-Projects\EShop_ModularMonolith\src\BlazorAdmin\Pages\Catalog\Products\ProductCreateDraftPage.razor(198,50): error CS0103: The name 'c├│' does not exist in the current context [D:\CV-Projects\EShop_ModularMonolith\src\BlazorAdmin\BlazorAdmin.csproj]
D:\CV-Projects\EShop_ModularMonolith\src\BlazorAdmin\Pages\Catalog\Products\ProductCreateDraftPage.razor(198,53): error CS0103: The name 'thuß╗Öc' does not exist in the current context [D:\CV-Projects\EShop_ModularMonolith\src\BlazorAdmin\BlazorAdmin.csproj]
D:\CV-Projects\EShop_ModularMonolith\src\BlazorAdmin\Pages\Catalog\Products\ProductCreateDraftPage.razor(198,59): error CS0103: The name 't├¡nh' does not exist in the current context [D:\CV-Projects\EShop_ModularMonolith\src\BlazorAdmin\BlazorAdmin.csproj]
D:\CV-Projects\EShop_ModularMonolith\src\BlazorAdmin\Pages\Catalog\Products\ProductCreateDraftPage.razor(198,64): error CS0103: The name 'n├áo' does not exist in the current context [D:\CV-Projects\EShop_ModularMonolith\src\BlazorAdmin\BlazorAdmin.csproj]
D:\CV-Projects\EShop_ModularMonolith\src\BlazorAdmin\Pages\Catalog\Products\ProductCreateDraftPage.razor(203,85): error CS0103: The name 'context' does not exist in the current context [D:\CV-Projects\EShop_ModularMonolith\src\BlazorAdmin\BlazorAdmin.csproj]
D:\CV-Projects\EShop_ModularMonolith\src\BlazorAdmin\obj\Debug\net10.0\Microsoft.CodeAnalysis.Razor.Compiler\Microsoft.NET.Sdk.Razor.SourceGenerators.RazorSourceGenerator\Pages_Catalog_Products_ProductCreateDraftPage_razor.g.cs(2042,191): error CS0103: The name 'context' does not exist in the current context [D:\CV-Projects\EShop_ModularMonolith\src\BlazorAdmin\BlazorAdmin.csproj]
D:\CV-Projects\EShop_ModularMonolith\src\BlazorAdmin\obj\Debug\net10.0\Microsoft.CodeAnalysis.Razor.Compiler\Microsoft.NET.Sdk.Razor.SourceGenerators.RazorSourceGenerator\Pages_Catalog_Products_ProductCreateDraftPage_razor.g.cs(2042,158): error CS0103: The name 'context' does not exist in the current context [D:\CV-Projects\EShop_ModularMonolith\src\BlazorAdmin\BlazorAdmin.csproj]
D:\CV-Projects\EShop_ModularMonolith\src\BlazorAdmin\Pages\Catalog\Products\ProductCreateDraftPage.razor(204,78): error CS0103: The name 'context' does not exist in the current context [D:\CV-Projects\EShop_ModularMonolith\src\BlazorAdmin\BlazorAdmin.csproj]
D:\CV-Projects\EShop_ModularMonolith\src\BlazorAdmin\obj\Debug\net10.0\Microsoft.CodeAnalysis.Razor.Compiler\Microsoft.NET.Sdk.Razor.SourceGenerators.RazorSourceGenerator\Pages_Catalog_Products_ProductCreateDraftPage_razor.g.cs(2054,190): error CS0103: The name 'context' does not exist in the current context [D:\CV-Projects\EShop_ModularMonolith\src\BlazorAdmin\BlazorAdmin.csproj]
D:\CV-Projects\EShop_ModularMonolith\src\BlazorAdmin\obj\Debug\net10.0\Microsoft.CodeAnalysis.Razor.Compiler\Microsoft.NET.Sdk.Razor.SourceGenerators.RazorSourceGenerator\Pages_Catalog_Products_ProductCreateDraftPage_razor.g.cs(2054,158): error CS0103: The name 'context' does not exist in the current context [D:\CV-Projects\EShop_ModularMonolith\src\BlazorAdmin\BlazorAdmin.csproj]
D:\CV-Projects\EShop_ModularMonolith\src\BlazorAdmin\Pages\Catalog\Products\ProductCreateDraftPage.razor(234,78): error CS0103: The name 'context' does not exist in the current context [D:\CV-Projects\EShop_ModularMonolith\src\BlazorAdmin\BlazorAdmin.csproj]
D:\CV-Projects\EShop_ModularMonolith\src\BlazorAdmin\obj\Debug\net10.0\Microsoft.CodeAnalysis.Razor.Compiler\Microsoft.NET.Sdk.Razor.SourceGenerators.RazorSourceGenerator\Pages_Catalog_Products_ProductCreateDraftPage_razor.g.cs(2164,182): error CS0103: The name 'context' does not exist in the current context [D:\CV-Projects\EShop_ModularMonolith\src\BlazorAdmin\BlazorAdmin.csproj]
D:\CV-Projects\EShop_ModularMonolith\src\BlazorAdmin\obj\Debug\net10.0\Microsoft.CodeAnalysis.Razor.Compiler\Microsoft.NET.Sdk.Razor.SourceGenerators.RazorSourceGenerator\Pages_Catalog_Products_ProductCreateDraftPage_razor.g.cs(2164,158): error CS0103: The name 'context' does not exist in the current context [D:\CV-Projects\EShop_ModularMonolith\src\BlazorAdmin\BlazorAdmin.csproj]
D:\CV-Projects\EShop_ModularMonolith\src\BlazorAdmin\Pages\Catalog\Products\ProductCreateDraftPage.razor(235,78): error CS0103: The name 'context' does not exist in the current context [D:\CV-Projects\EShop_ModularMonolith\src\BlazorAdmin\BlazorAdmin.csproj]
D:\CV-Projects\EShop_ModularMonolith\src\BlazorAdmin\obj\Debug\net10.0\Microsoft.CodeAnalysis.Razor.Compiler\Microsoft.NET.Sdk.Razor.SourceGenerators.RazorSourceGenerator\Pages_Catalog_Products_ProductCreateDraftPage_razor.g.cs(2176,181): error CS0103: The name 'context' does not exist in the current context [D:\CV-Projects\EShop_ModularMonolith\src\BlazorAdmin\BlazorAdmin.csproj]
D:\CV-Projects\EShop_ModularMonolith\src\BlazorAdmin\obj\Debug\net10.0\Microsoft.CodeAnalysis.Razor.Compiler\Microsoft.NET.Sdk.Razor.SourceGenerators.RazorSourceGenerator\Pages_Catalog_Products_ProductCreateDraftPage_razor.g.cs(2176,158): error CS0103: The name 'context' does not exist in the current context [D:\CV-Projects\EShop_ModularMonolith\src\BlazorAdmin\BlazorAdmin.csproj]
D:\CV-Projects\EShop_ModularMonolith\src\BlazorAdmin\Pages\Catalog\Products\ProductCreateDraftPage.razor(237,41): error CS0103: The name 'context' does not exist in the current context [D:\CV-Projects\EShop_ModularMonolith\src\BlazorAdmin\BlazorAdmin.csproj]
D:\CV-Projects\EShop_ModularMonolith\src\BlazorAdmin\Pages\Catalog\Products\ProductCreateDraftPage.razor(240,52): error CS0103: The name 'context' does not exist in the current context [D:\CV-Projects\EShop_ModularMonolith\src\BlazorAdmin\BlazorAdmin.csproj]
D:\CV-Projects\EShop_ModularMonolith\src\BlazorAdmin\Pages\Catalog\Products\ProductCreateDraftPage.razor(304,97): error CS1503: Argument 2: cannot convert from 'Microsoft.AspNetCore.Components.Rendering.RenderTreeBuilder' to 'System.Guid' [D:\CV-Projects\EShop_ModularMonolith\src\BlazorAdmin\BlazorAdmin.csproj]
D:\CV-Projects\EShop_ModularMonolith\src\BlazorAdmin\Pages\Catalog\Products\ProductCreateDraftPage.razor(449,13): error CS4008: Cannot await 'void' [D:\CV-Projects\EShop_ModularMonolith\src\BlazorAdmin\BlazorAdmin.csproj]
D:\CV-Projects\EShop_ModularMonolith\src\BlazorAdmin\Pages\Catalog\Products\ProductCreateDraftPage.razor(453,13): error CS4008: Cannot await 'void' [D:\CV-Projects\EShop_ModularMonolith\src\BlazorAdmin\BlazorAdmin.csproj]
D:\CV-Projects\EShop_ModularMonolith\src\BlazorAdmin\Pages\Catalog\Products\ProductCreateDraftPage.razor(474,13): error CS4008: Cannot await 'void' [D:\CV-Projects\EShop_ModularMonolith\src\BlazorAdmin\BlazorAdmin.csproj]
D:\CV-Projects\EShop_ModularMonolith\src\BlazorAdmin\Pages\Catalog\Products\ProductCreateDraftPage.razor(489,13): error CS4008: Cannot await 'void' [D:\CV-Projects\EShop_ModularMonolith\src\BlazorAdmin\BlazorAdmin.csproj]
D:\CV-Projects\EShop_ModularMonolith\src\BlazorAdmin\Pages\Catalog\Products\ProductCreateDraftPage.razor(499,9): error CS4008: Cannot await 'void' [D:\CV-Projects\EShop_ModularMonolith\src\BlazorAdmin\BlazorAdmin.csproj]
D:\CV-Projects\EShop_ModularMonolith\src\BlazorAdmin\Pages\Catalog\Products\ProductCreateDraftPage.razor(527,13): error CS4008: Cannot await 'void' [D:\CV-Projects\EShop_ModularMonolith\src\BlazorAdmin\BlazorAdmin.csproj]
D:\CV-Projects\EShop_ModularMonolith\src\BlazorAdmin\Pages\Catalog\Products\ProductCreateDraftPage.razor(531,13): error CS4008: Cannot await 'void' [D:\CV-Projects\EShop_ModularMonolith\src\BlazorAdmin\BlazorAdmin.csproj]
D:\CV-Projects\EShop_ModularMonolith\src\BlazorAdmin\Pages\Catalog\Products\ProductCreateDraftPage.razor(549,13): error CS4008: Cannot await 'void' [D:\CV-Projects\EShop_ModularMonolith\src\BlazorAdmin\BlazorAdmin.csproj]
D:\CV-Projects\EShop_ModularMonolith\src\BlazorAdmin\Pages\Catalog\Products\ProductCreateDraftPage.razor(553,13): error CS4008: Cannot await 'void' [D:\CV-Projects\EShop_ModularMonolith\src\BlazorAdmin\BlazorAdmin.csproj]
D:\CV-Projects\EShop_ModularMonolith\src\BlazorAdmin\Pages\Catalog\Products\ProductCreateDraftPage.razor(600,13): error CS4008: Cannot await 'void' [D:\CV-Projects\EShop_ModularMonolith\src\BlazorAdmin\BlazorAdmin.csproj]
D:\CV-Projects\EShop_ModularMonolith\src\BlazorAdmin\Pages\Catalog\Products\ProductCreateDraftPage.razor(604,13): error CS4008: Cannot await 'void' [D:\CV-Projects\EShop_ModularMonolith\src\BlazorAdmin\BlazorAdmin.csproj]
D:\CV-Projects\EShop_ModularMonolith\src\BlazorAdmin\Pages\Catalog\Products\ProductCreateDraftPage.razor(620,13): error CS4008: Cannot await 'void' [D:\CV-Projects\EShop_ModularMonolith\src\BlazorAdmin\BlazorAdmin.csproj]
D:\CV-Projects\EShop_ModularMonolith\src\BlazorAdmin\Pages\Catalog\Products\ProductCreateDraftPage.razor(624,13): error CS4008: Cannot await 'void' [D:\CV-Projects\EShop_ModularMonolith\src\BlazorAdmin\BlazorAdmin.csproj]
    6 Warning(s)
    50 Error(s)

Time Elapsed 00:00:04.28
