  Determining projects to restore...
  All projects are up-to-date for restore.
  Aspire.ServiceDefaults -> D:\CV-Projects\EShop_ModularMonolith\src\Aspire\Aspire.ServiceDefaults\bin\Debug\net10.0\Aspire.ServiceDefaults.dll
  Contracts -> D:\CV-Projects\EShop_ModularMonolith\src\Contracts\bin\Debug\net10.0\Contracts.dll
D:\CV-Projects\EShop_ModularMonolith\src\BlazorAdmin\Pages\Catalog\Products\Steps\AttributesStep.razor(8,16): error RZ2008: Attribute 'ShowIcon' on tag helper element 'Alert' requires a value. Tag helper bound attributes of type 'System.Boolean?' cannot be empty or contain only whitespace. [D:\CV-Projects\EShop_ModularMonolith\src\BlazorAdmin\BlazorAdmin.csproj]
D:\CV-Projects\EShop_ModularMonolith\src\BlazorAdmin\Pages\Catalog\Products\Steps\ReviewStep.razor(19,22): error RZ9986: Component attributes do not support complex content (mixed C# and markup). Attribute: 'Title', text: 'Thuß╗Öc t├¡nh (Model.Attributes.Count)' [D:\CV-Projects\EShop_ModularMonolith\src\BlazorAdmin\BlazorAdmin.csproj]
D:\CV-Projects\EShop_ModularMonolith\src\BlazorAdmin\Pages\Catalog\Products\Steps\ReviewStep.razor(29,58): error RZ1023: "<text>" and "</text>" tags cannot contain attributes. [D:\CV-Projects\EShop_ModularMonolith\src\BlazorAdmin\BlazorAdmin.csproj]
D:\CV-Projects\EShop_ModularMonolith\src\BlazorAdmin\Pages\Catalog\Products\Steps\ReviewStep.razor(37,18): error RZ1023: "<text>" and "</text>" tags cannot contain attributes. [D:\CV-Projects\EShop_ModularMonolith\src\BlazorAdmin\BlazorAdmin.csproj]
D:\CV-Projects\EShop_ModularMonolith\src\BlazorAdmin\Pages\Catalog\Products\Steps\ReviewStep.razor(41,22): error RZ9986: Component attributes do not support complex content (mixed C# and markup). Attribute: 'Title', text: 'Biß║┐n thß╗â (Model.Variants.Count)' [D:\CV-Projects\EShop_ModularMonolith\src\BlazorAdmin\BlazorAdmin.csproj]
D:\CV-Projects\EShop_ModularMonolith\src\BlazorAdmin\Pages\Catalog\Products\Steps\ReviewStep.razor(57,118): error RZ2008: Attribute 'ShowIcon' on tag helper element 'Alert' requires a value. Tag helper bound attributes of type 'System.Boolean?' cannot be empty or contain only whitespace. [D:\CV-Projects\EShop_ModularMonolith\src\BlazorAdmin\BlazorAdmin.csproj]
D:\CV-Projects\EShop_ModularMonolith\src\BlazorAdmin\Pages\Catalog\Products\Steps\ReviewStep.razor(130,18): error RZ1023: "<text>" and "</text>" tags cannot contain attributes. [D:\CV-Projects\EShop_ModularMonolith\src\BlazorAdmin\BlazorAdmin.csproj]
D:\CV-Projects\EShop_ModularMonolith\src\BlazorAdmin\Pages\Catalog\Products\Steps\VariantsStep.razor(5,8): error RZ2008: Attribute 'ShowIcon' on tag helper element 'Alert' requires a value. Tag helper bound attributes of type 'System.Boolean?' cannot be empty or contain only whitespace. [D:\CV-Projects\EShop_ModularMonolith\src\BlazorAdmin\BlazorAdmin.csproj]
D:\CV-Projects\EShop_ModularMonolith\src\BlazorAdmin\Pages\Catalog\Products\Steps\VariantsStep.razor(12,12): error RZ2008: Attribute 'ShowIcon' on tag helper element 'Alert' requires a value. Tag helper bound attributes of type 'System.Boolean?' cannot be empty or contain only whitespace. [D:\CV-Projects\EShop_ModularMonolith\src\BlazorAdmin\BlazorAdmin.csproj]
D:\CV-Projects\EShop_ModularMonolith\src\BlazorAdmin\Pages\Catalog\Products\Steps\VariantsStep.razor(35,22): error RZ1023: "<text>" and "</text>" tags cannot contain attributes. [D:\CV-Projects\EShop_ModularMonolith\src\BlazorAdmin\BlazorAdmin.csproj]
D:\CV-Projects\EShop_ModularMonolith\src\BlazorAdmin\Pages\Catalog\Products\ProductCreateWizardPage.razor(5,29): error CS0234: The type or namespace name 'Products' does not exist in the namespace 'BlazorAdmin.Services' (are you missing an assembly reference?) [D:\CV-Projects\EShop_ModularMonolith\src\BlazorAdmin\BlazorAdmin.csproj]
D:\CV-Projects\EShop_ModularMonolith\src\BlazorAdmin\Pages\Catalog\Products\ProductCreateWizardPage.razor(8,28): error CS0234: The type or namespace name 'Catalog' does not exist in the namespace 'Contracts.Responses' (are you missing an assembly reference?) [D:\CV-Projects\EShop_ModularMonolith\src\BlazorAdmin\BlazorAdmin.csproj]
D:\CV-Projects\EShop_ModularMonolith\src\BlazorAdmin\Pages\Catalog\Products\ProductCreateWizardPage.razor(115,18): error CS0246: The type or namespace name 'CategoryDefaultAttributeDto' could not be found (are you missing a using directive or an assembly reference?) [D:\CV-Projects\EShop_ModularMonolith\src\BlazorAdmin\BlazorAdmin.csproj]

Build FAILED.

D:\CV-Projects\EShop_ModularMonolith\src\BlazorAdmin\Pages\Catalog\Products\Steps\AttributesStep.razor(8,16): error RZ2008: Attribute 'ShowIcon' on tag helper element 'Alert' requires a value. Tag helper bound attributes of type 'System.Boolean?' cannot be empty or contain only whitespace. [D:\CV-Projects\EShop_ModularMonolith\src\BlazorAdmin\BlazorAdmin.csproj]
D:\CV-Projects\EShop_ModularMonolith\src\BlazorAdmin\Pages\Catalog\Products\Steps\ReviewStep.razor(19,22): error RZ9986: Component attributes do not support complex content (mixed C# and markup). Attribute: 'Title', text: 'Thuß╗Öc t├¡nh (Model.Attributes.Count)' [D:\CV-Projects\EShop_ModularMonolith\src\BlazorAdmin\BlazorAdmin.csproj]
D:\CV-Projects\EShop_ModularMonolith\src\BlazorAdmin\Pages\Catalog\Products\Steps\ReviewStep.razor(29,58): error RZ1023: "<text>" and "</text>" tags cannot contain attributes. [D:\CV-Projects\EShop_ModularMonolith\src\BlazorAdmin\BlazorAdmin.csproj]
D:\CV-Projects\EShop_ModularMonolith\src\BlazorAdmin\Pages\Catalog\Products\Steps\ReviewStep.razor(37,18): error RZ1023: "<text>" and "</text>" tags cannot contain attributes. [D:\CV-Projects\EShop_ModularMonolith\src\BlazorAdmin\BlazorAdmin.csproj]
D:\CV-Projects\EShop_ModularMonolith\src\BlazorAdmin\Pages\Catalog\Products\Steps\ReviewStep.razor(41,22): error RZ9986: Component attributes do not support complex content (mixed C# and markup). Attribute: 'Title', text: 'Biß║┐n thß╗â (Model.Variants.Count)' [D:\CV-Projects\EShop_ModularMonolith\src\BlazorAdmin\BlazorAdmin.csproj]
D:\CV-Projects\EShop_ModularMonolith\src\BlazorAdmin\Pages\Catalog\Products\Steps\ReviewStep.razor(57,118): error RZ2008: Attribute 'ShowIcon' on tag helper element 'Alert' requires a value. Tag helper bound attributes of type 'System.Boolean?' cannot be empty or contain only whitespace. [D:\CV-Projects\EShop_ModularMonolith\src\BlazorAdmin\BlazorAdmin.csproj]
D:\CV-Projects\EShop_ModularMonolith\src\BlazorAdmin\Pages\Catalog\Products\Steps\ReviewStep.razor(130,18): error RZ1023: "<text>" and "</text>" tags cannot contain attributes. [D:\CV-Projects\EShop_ModularMonolith\src\BlazorAdmin\BlazorAdmin.csproj]
D:\CV-Projects\EShop_ModularMonolith\src\BlazorAdmin\Pages\Catalog\Products\Steps\VariantsStep.razor(5,8): error RZ2008: Attribute 'ShowIcon' on tag helper element 'Alert' requires a value. Tag helper bound attributes of type 'System.Boolean?' cannot be empty or contain only whitespace. [D:\CV-Projects\EShop_ModularMonolith\src\BlazorAdmin\BlazorAdmin.csproj]
D:\CV-Projects\EShop_ModularMonolith\src\BlazorAdmin\Pages\Catalog\Products\Steps\VariantsStep.razor(12,12): error RZ2008: Attribute 'ShowIcon' on tag helper element 'Alert' requires a value. Tag helper bound attributes of type 'System.Boolean?' cannot be empty or contain only whitespace. [D:\CV-Projects\EShop_ModularMonolith\src\BlazorAdmin\BlazorAdmin.csproj]
D:\CV-Projects\EShop_ModularMonolith\src\BlazorAdmin\Pages\Catalog\Products\Steps\VariantsStep.razor(35,22): error RZ1023: "<text>" and "</text>" tags cannot contain attributes. [D:\CV-Projects\EShop_ModularMonolith\src\BlazorAdmin\BlazorAdmin.csproj]
D:\CV-Projects\EShop_ModularMonolith\src\BlazorAdmin\Pages\Catalog\Products\ProductCreateWizardPage.razor(5,29): error CS0234: The type or namespace name 'Products' does not exist in the namespace 'BlazorAdmin.Services' (are you missing an assembly reference?) [D:\CV-Projects\EShop_ModularMonolith\src\BlazorAdmin\BlazorAdmin.csproj]
D:\CV-Projects\EShop_ModularMonolith\src\BlazorAdmin\Pages\Catalog\Products\ProductCreateWizardPage.razor(8,28): error CS0234: The type or namespace name 'Catalog' does not exist in the namespace 'Contracts.Responses' (are you missing an assembly reference?) [D:\CV-Projects\EShop_ModularMonolith\src\BlazorAdmin\BlazorAdmin.csproj]
D:\CV-Projects\EShop_ModularMonolith\src\BlazorAdmin\Pages\Catalog\Products\ProductCreateWizardPage.razor(115,18): error CS0246: The type or namespace name 'CategoryDefaultAttributeDto' could not be found (are you missing a using directive or an assembly reference?) [D:\CV-Projects\EShop_ModularMonolith\src\BlazorAdmin\BlazorAdmin.csproj]
    0 Warning(s)
    13 Error(s)

Time Elapsed 00:00:04.13
